~
||
[
[<-
[[
[[<-
@
$
$<-
&&
break
c
call
expression
function
log
missing
next
quote
rep
return
round
signif
substitute
^
<
<=
==
>
>=
|
-

!
!=
/
(
*
&
%/%
%*%
%%
+
abs
acos
acosh
all
any
Arg
as.call
as.character
as.complex
as.double
as.environment
asin
asinh
as.integer
as.logical
as.raw
atan
atanh
attr
attr<-
attributes
attributes<-
baseenv
.C
.cache_class
.Call
.Call.graphics
ceiling
class
class<-
Conj
cos
cosh
cummax
cummin
cumprod
cumsum
digamma
dim
dim<-
dimnames
dimnames<-
emptyenv
enc2native
enc2utf8
environment<-
exp
expm1
.External
.External.graphics
floor
.Fortran
gamma
gc.time
globalenv
Im
interactive
is.array
is.atomic
is.call
is.character
is.complex
is.double
is.environment
is.expression
is.finite
is.function
is.infinite
is.integer
is.language
is.list
is.logical
is.matrix
is.na
is.nan
is.null
is.numeric
is.object
is.pairlist
is.raw
is.real
is.recursive
is.single
is.symbol
lazyLoadDBfetch
length
length<-
levels<-
lgamma
list
log10
log1p
log2
max
min
Mod
names
names<-
nargs
nzchar
oldClass
oldClass<-
pos.to.env
.Primitive
proc.time
prod
range
Re
seq_along
seq.int
seq_len
sign
sin
sinh
sqrt
storage.mode<-
.subset
.subset2
sum
tan
tanh
tracemem
trigamma
trunc
unclass
visibleflag
xtfrm
<<-
<-
=
for
on.exit
repeat
while
browser
invisible
.primTrace
.primUntrace
untracemem
{
if
.Internal
switch
UseMethod
retracemem
standardGeneric
