eval
for
<<-
browser
.primTrace
.primUntrace
on.exit
stop
warning
bindtextdomain
.addCondHands
.resetCondHands
.signalCondition
.dfltStop
.dfltWarn
.addRestart
.getRestart
.invokeRestart
seterrmessage
printDeferredWarnings
interruptsSuspended
restart
debug
undebug
debugonce
environment<-
.C
.Fortran
.External
.Call
.External.graphics
.Call.graphics
unzip
system
system
flush.console
shell.exec
winDialog
winDialogString
winMenuNames
winMenuItems
winMenuAdd
winMenuDel
bringToTop
msgWindow
select.list
writeClipboard
chooseFiles
chooseDir
setWindowTitle
arrangeWindows
setStatusBar
loadRconsole
winProgressBar
closeWinProgressBar
setWinProgressBar
useInternet2
wsbrowser
pkgbrowser
data.manager
package.manager
flush.console
hsbrowser
select.list
aqua.custom.print
dyn.load
dyn.unload
sys.call
sys.calls
sys.on.exit
tracemem
retracemem
untracemem
parent.env<-
file.show
file.edit
file.create
file.remove
file.rename
file.append
codeFiles.append
file.symlink
file.copy
file.choose
dir.create
tempfile
tempdir
Sys.setenv
Sys.unsetenv
setwd
dirchmod
Sys.chmod
Sys.umask
Sys.sleep
Sys.setlocale
unlink
X11
savePlot
plot.new
plot.window
plot.xy
playSnapshot
grconvertX
grconvertY
